[36m[2026-06-15 11:46:19][0m [32m[INFO][0m [34mConfigLoader[0m: ConfigLoader initialized[0m
[36m[2026-06-15 11:46:19][0m [32m[INFO][0m [34mConfigLoader[0m: loai_van_ban_mapping loaded[0m
[36m[2026-06-15 11:46:19][0m [32m[INFO][0m [34mConfigLoader[0m: doc_number_patterns_for_regex loaded[0m
[36m[2026-06-15 11:46:19][0m [32m[INFO][0m [34mConfigLoader[0m: Document and clause types loaded[0m
Dataset: golden  | units: 719  | workers: 12

[36m[2026-06-15 11:46:19][0m [32m[INFO][0m [34mConfigLoader[0m: Law documents CSV loaded[0m
[36m[2026-06-15 11:46:19][0m [32m[INFO][0m [34mConfigLoader[0m: Law titles for regexing prepared[0m
    [a0_rule_only] 100/719 clauses
    [a0_rule_only] 200/719 clauses
    [a0_rule_only] 300/719 clauses
    [a0_rule_only] 400/719 clauses
    [a0_rule_only] 500/719 clauses
    [a0_rule_only] 600/719 clauses
    [a0_rule_only] 700/719 clauses
a0_rule_only           P=0.891 [0.876,0.905]  R=0.904  F1=0.897  (TP=1615 FP=197 FN=172, n=719)
  targeted-gate scope (P<0.85): ['dinh_chi', 'dinh_chinh', 'huong_dan', 'keo_dai_hieu_luc', 'ngung_hieu_luc', 'thay_the']
    [a1_llm_extractor] 100/719 clauses
    [a1_llm_extractor] 200/719 clauses
    [a1_llm_extractor] 300/719 clauses
    [a1_llm_extractor] 400/719 clauses
    [a1_llm_extractor] 500/719 clauses
    [a1_llm_extractor] 600/719 clauses
    [a1_llm_extractor] 700/719 clauses
a1_llm_extractor       P=0.650 [0.624,0.675]  R=0.480  F1=0.552  (TP=857 FP=461 FN=930, n=719)
    [a3_gate_all] 100/719 clauses
    [a3_gate_all] 200/719 clauses
    [a3_gate_all] 300/719 clauses
    [a3_gate_all] 400/719 clauses
    [a3_gate_all] 500/719 clauses
    [a3_gate_all] 600/719 clauses
    [a3_gate_all] 700/719 clauses
a3_gate_all            P=0.933 [0.919,0.945]  R=0.766  F1=0.841  (TP=1369 FP=98 FN=418, n=719)
    [a3_gate_targeted] 100/719 clauses
    [a3_gate_targeted] 200/719 clauses
    [a3_gate_targeted] 300/719 clauses
    [a3_gate_targeted] 400/719 clauses
    [a3_gate_targeted] 500/719 clauses
    [a3_gate_targeted] 600/719 clauses
    [a3_gate_targeted] 700/719 clauses
a3_gate_targeted       P=0.908 [0.893,0.920]  R=0.887  F1=0.898  (TP=1586 FP=161 FN=201, n=719)

=== Summary ===
a0_rule_only           P=0.891 [0.876,0.905]  R=0.904  F1=0.897  (TP=1615 FP=197 FN=172, n=719)
a1_llm_extractor       P=0.650 [0.624,0.675]  R=0.480  F1=0.552  (TP=857 FP=461 FN=930, n=719)
a3_gate_all            P=0.933 [0.919,0.945]  R=0.766  F1=0.841  (TP=1369 FP=98 FN=418, n=719)
a3_gate_targeted       P=0.908 [0.893,0.920]  R=0.887  F1=0.898  (TP=1586 FP=161 FN=201, n=719)
